
fille@DESKTOP-4JS80HJ MINGW64 ~
$ cd Desktop

fille@DESKTOP-4JS80HJ MINGW64 ~/Desktop
$ cd 2023-10-NCR-WISE/

fille@DESKTOP-4JS80HJ MINGW64 ~/Desktop/2023-10-NCR-WISE (master)
$ ls
 drawers/
 galaxy-far-far-away/
'gitBash Screenshot 2023-10-31 004542.jpg'
'gitBash Screenshot Week 3 Day 3 Lab .jpg'
'gitHub Screenshot 2023-10-31 004859.jpg'
 software_homework/

fille@DESKTOP-4JS80HJ MINGW64 ~/Desktop/2023-10-NCR-WISE (master)
$ cd software_homework/unit_1

fille@DESKTOP-4JS80HJ MINGW64 ~/Desktop/2023-10-NCR-WISE/software_homework/unit_1 (master)
$ pwd
/c/Users/fille/Desktop/2023-10-NCR-WISE/software_homework/unit_1

fille@DESKTOP-4JS80HJ MINGW64 ~/Desktop/2023-10-NCR-WISE/software_homework/unit_1 (master)
$ git clone https://github.com/arthurbernierjr/native-dom-manipulation-lab.git ./manipulate-the-dom  Cloning into './manipulate-the-dom'...
remote: Enumerating objects: 7, done.
remote: Counting objects: 100% (7/7), done.
remote: Compressing objects: 100% (7/7), done.
remote: Total 7 (delta 0), reused 7 (delta 0), pack-reused 0
Receiving objects: 100% (7/7), 24.84 KiB | 12.42 MiB/s, done.

fille@DESKTOP-4JS80HJ MINGW64 ~/Desktop/2023-10-NCR-WISE/software_homework/unit_1 (master)
$ cd manipulate-the-dom

fille@DESKTOP-4JS80HJ MINGW64 ~/Desktop/2023-10-NCR-WISE/software_homework/unit_1/manipulate-the-dom ain)
$ git remote remove origin

fille@DESKTOP-4JS80HJ MINGW64 ~/Desktop/2023-10-NCR-WISE/software_homework/unit_1/manipulate-the-dom ain)
$ git remote add origin NewRepo

fille@DESKTOP-4JS80HJ MINGW64 ~/Desktop/2023-10-NCR-WISE/software_homework/unit_1/manipulate-the-dom ain)
$ git add -A

fille@DESKTOP-4JS80HJ MINGW64 ~/Desktop/2023-10-NCR-WISE/software_homework/unit_1/manipulate-the-dom
$ git commit -m "sending a message to my NewRepo"
On branch main
nothing to commit, working tree clean

fille@DESKTOP-4JS80HJ MINGW64 ~/Desktop/2023-10-NCR-WISE/software_homework/unit_1/manipulate-the-dom
$ git commit -m "message"
On branch main
nothing to commit, working tree clean

fille@DESKTOP-4JS80HJ MINGW64 ~/Desktop/2023-10-NCR-WISE/software_homework/unit_1/manipulate-the-dom
$ git remote add origin https://github.com/EsserMishelle/NewRepo
error: remote origin already exists.

fille@DESKTOP-4JS80HJ MINGW64 ~/Desktop/2023-10-NCR-WISE/software_homework/unit_1/manipulate-the-dom
$ git add -A

fille@DESKTOP-4JS80HJ MINGW64 ~/Desktop/2023-10-NCR-WISE/software_homework/unit_1/manipulate-the-dom
$ git status
On branch main
nothing to commit, working tree clean

fille@DESKTOP-4JS80HJ MINGW64 ~/Desktop/2023-10-NCR-WISE/software_homework/unit_1/manipulate-the-dom
$ git commit -m "
> git commit -m "
On branch main
nothing to commit, working tree clean

fille@DESKTOP-4JS80HJ MINGW64 ~/Desktop/2023-10-NCR-WISE/software_homework/unit_1/manipulate-the-dom
$ git remote add origin https://github.com/EsserMishelle/NewRepo.git
error: remote origin already exists.

fille@DESKTOP-4JS80HJ MINGW64 ~/Desktop/2023-10-NCR-WISE/software_homework/unit_1/manipulate-the-dom
$ git add -A

fille@DESKTOP-4JS80HJ MINGW64 ~/Desktop/2023-10-NCR-WISE/software_homework/unit_1/manipulate-the-dom
$ git commit -m "first commit"
On branch main
nothing to commit, working tree clean

fille@DESKTOP-4JS80HJ MINGW64 ~/Desktop/2023-10-NCR-WISE/software_homework/unit_1/manipulate-the-dom
$ git push -u orgin main
fatal: 'orgin' does not appear to be a git repository
fatal: Could not read from remote repository.

Please make sure you have the correct access rights
and the repository exists.

fille@DESKTOP-4JS80HJ MINGW64 ~/Desktop/2023-10-NCR-WISE/software_homework/unit_1/manipulate-the-dom
$ git push -u origin main
fatal: 'NewRepo' does not appear to be a git repository
fatal: Could not read from remote repository.

Please make sure you have the correct access rights
and the repository exists.

fille@DESKTOP-4JS80HJ MINGW64 ~/Desktop/2023-10-NCR-WISE/software_homework/unit_1/manipulate-the-dom
$ git push origin main
fatal: 'NewRepo' does not appear to be a git repository
fatal: Could not read from remote repository.

Please make sure you have the correct access rights
and the repository exists.

fille@DESKTOP-4JS80HJ MINGW64 ~/Desktop/2023-10-NCR-WISE/software_homework/unit_1/manipulate-the-dom
$ git push origin master
error: src refspec master does not match any
error: failed to push some refs to 'NewRepo'

fille@DESKTOP-4JS80HJ MINGW64 ~/Desktop/2023-10-NCR-WISE/software_homework/unit_1/manipulate-the-dom
$ cd Desktop/2023-10-NCR-WISE/software_homework/unit_1/
bash: cd: Desktop/2023-10-NCR-WISE/software_homework/unit_1/: No such file or directory

fille@DESKTOP-4JS80HJ MINGW64 ~/Desktop/2023-10-NCR-WISE/software_homework/unit_1/manipulate-the-dom
$ cd .. Desktop/2023-10-NCR-WISE/software_homework/unit_1/
bash: cd: too many arguments

fille@DESKTOP-4JS80HJ MINGW64 ~/Desktop/2023-10-NCR-WISE/software_homework/unit_1/manipulate-the-dom
$ cd ..

fille@DESKTOP-4JS80HJ MINGW64 ~/Desktop/2023-10-NCR-WISE/software_homework/unit_1 (master)
$ ls
 dom-practice/     flexbox/                                manipulate-the-dom/   w04d01/
 event-practice/  'git bash remote command and push.jpg'   w03d01/               w05d02/

fille@DESKTOP-4JS80HJ MINGW64 ~/Desktop/2023-10-NCR-WISE/software_homework/unit_1 (master)
$ cd w03d01

fille@DESKTOP-4JS80HJ MINGW64 ~/Desktop/2023-10-NCR-WISE/software_homework/unit_1/w03d01 (main)
$ ls
'Screenshot 2023-11-09 102423 error.jpg'   drawers/               homework.js
 commands.txt                              galaxy-far-far-away/   homework_old.js

fille@DESKTOP-4JS80HJ MINGW64 ~/Desktop/2023-10-NCR-WISE/software_homework/unit_1/w03d01 (main)
$ git init
Reinitialized existing Git repository in C:/Users/fille/Desktop/2023-10-NCR-WISE/software_homework/un

fille@DESKTOP-4JS80HJ MINGW64 ~/Desktop/2023-10-NCR-WISE/software_homework/unit_1/w03d01 (main)
$ git commit -m "first message"
On branch main
Untracked files:
  (use "git add <file>..." to include in what will be committed)
        commands.txt

nothing added to commit but untracked files present (use "git add" to track)

fille@DESKTOP-4JS80HJ MINGW64 ~/Desktop/2023-10-NCR-WISE/software_homework/unit_1/w03d01 (main)
$ git branch -M main

fille@DESKTOP-4JS80HJ MINGW64 ~/Desktop/2023-10-NCR-WISE/software_homework/unit_1/w03d01 (main)
$ git remote add origin https://github.com/EsserMishelle/NewRepo
error: remote origin already exists.

fille@DESKTOP-4JS80HJ MINGW64 ~/Desktop/2023-10-NCR-WISE/software_homework/unit_1/w03d01 (main)
$ git push -u origin main
Everything up-to-date
branch 'main' set up to track 'origin/main'.

fille@DESKTOP-4JS80HJ MINGW64 ~/Desktop/2023-10-NCR-WISE/software_homework/unit_1/w03d01 (main)
$ cd ~

fille@DESKTOP-4JS80HJ MINGW64 ~
$ ls
'3D Objects'/                                                                                   NetHo
 AppData/                                                                                       OneDr
'Application Data'@                                                                             Pictu
 Contacts/                                                                                      Postm
 Cookies@                                                                                       Print
'Creative Cloud Files'/                                                                         Progr
 Desktop/                                                                                       Pytho
 Documents/                                                                                     Recen
 Downloads/                                                                                    'Saved
 Favorites/                                                                                     Searc
 Links/                                                                                         SendT
'Local Settings'@                                                                              'Start
 Music/                                                                                         Templ
'My Documents'@                                                                                 Video
 NTUSER.DAT                                                                                    'irtua
 NTUSER.DAT{53b39e87-18c4-11ea-a811-000d3aa4692b}.TxR.0.regtrans-ms                             node_
 NTUSER.DAT{53b39e87-18c4-11ea-a811-000d3aa4692b}.TxR.1.regtrans-ms                             ntuse
 NTUSER.DAT{53b39e87-18c4-11ea-a811-000d3aa4692b}.TxR.2.regtrans-ms                             ntuse
 NTUSER.DAT{53b39e87-18c4-11ea-a811-000d3aa4692b}.TxR.blf                                       ntuse
 NTUSER.DAT{53b39e88-18c4-11ea-a811-000d3aa4692b}.TM.blf                                        packa
 NTUSER.DAT{53b39e88-18c4-11ea-a811-000d3aa4692b}.TMContainer00000000000000000001.regtrans-ms   packa
 NTUSER.DAT{53b39e88-18c4-11ea-a811-000d3aa4692b}.TMContainer00000000000000000002.regtrans-ms   sourc

fille@DESKTOP-4JS80HJ MINGW64 ~
$ cd Desktop

fille@DESKTOP-4JS80HJ MINGW64 ~/Desktop
$ ls
'1z0-071 Exam – Free Actual Q&As, Page 14 ExamTopics.URL'  'SQL Shell (psql).lnk'*
 20170528_122825.jpg                                       'Screenshot 2023-06-07 104453-CS TI.jpg'
 2023-10-NCR-WISE/                                         'Screenshot 2023-06-07 104453-CS TI_1.jpg'
 2_JOHN.DP                                                 'Screenshot 2023-06-08 111425-sono.jpg'
'CS admin'/                                                'Screenshot 2023-06-08 124519 sono .jpg'
'Dec 2022'/                                                 Slack.lnk*
 Discord.lnk*                                              'Swim pool'/
 Garmin/                                                   'Visual Studio Code (2).lnk'*
'M - Chrome.lnk'*                                          'Visual Studio Code.lnk'*
 Paypal/                                                    Zoom.lnk*
 Postman.lnk*                                               desktop.ini
 ReactPorcello/                                             holygrail.jpg
'Roblox Player.lnk'*                                       'music teacher suggestions.jpg'
'Roblox Studio.lnk'*                                        southwest/
 S22+/                                                     'visual basic code.png'

fille@DESKTOP-4JS80HJ MINGW64 ~/Desktop
$ cd 2023-10-NCR-WISE/

fille@DESKTOP-4JS80HJ MINGW64 ~/Desktop/2023-10-NCR-WISE (master)
$ ls
 drawers/              'gitBash Screenshot 2023-10-31 004542.jpg'  'gitHub Screenshot 2023-10-31 0048
 galaxy-far-far-away/  'gitBash Screenshot Week 3 Day 3 Lab .jpg'   software_homework/

fille@DESKTOP-4JS80HJ MINGW64 ~/Desktop/2023-10-NCR-WISE (master)
$ ls
 drawers/              'gitBash Screenshot 2023-10-31 004542.jpg'  'gitHub Screenshot 2023-10-31 0048
 galaxy-far-far-away/  'gitBash Screenshot Week 3 Day 3 Lab .jpg'   software_homework/

fille@DESKTOP-4JS80HJ MINGW64 ~/Desktop/2023-10-NCR-WISE (master)
$ ls
 drawers/              'gitBash Screenshot 2023-10-31 004542.jpg'  'gitHub Screenshot 2023-10-31 0048
 galaxy-far-far-away/  'gitBash Screenshot Week 3 Day 3 Lab .jpg'   software_homework/

fille@DESKTOP-4JS80HJ MINGW64 ~/Desktop/2023-10-NCR-WISE (master)
$ cd software_homework/

fille@DESKTOP-4JS80HJ MINGW64 ~/Desktop/2023-10-NCR-WISE/software_homework (master)
$ ls
projects/  unit_1/  unit_2/  unit_3/  unit_4/

fille@DESKTOP-4JS80HJ MINGW64 ~/Desktop/2023-10-NCR-WISE/software_homework (master)
$ ls A
ls: cannot access 'A': No such file or directory

fille@DESKTOP-4JS80HJ MINGW64 ~/Desktop/2023-10-NCR-WISE/software_homework (master)
$ ls -A
projects/  unit_1/  unit_2/  unit_3/  unit_4/

fille@DESKTOP-4JS80HJ MINGW64 ~/Desktop/2023-10-NCR-WISE/software_homework (master)
$ cd ..

fille@DESKTOP-4JS80HJ MINGW64 ~/Desktop/2023-10-NCR-WISE (master)
$ ls -A
 .git/      galaxy-far-far-away/                       'gitBash Screenshot Week 3 Day 3 Lab .jpg'   s
 drawers/  'gitBash Screenshot 2023-10-31 004542.jpg'  'gitHub Screenshot 2023-10-31 004859.jpg'

fille@DESKTOP-4JS80HJ MINGW64 ~/Desktop/2023-10-NCR-WISE (master)
$ cd software_homework/

fille@DESKTOP-4JS80HJ MINGW64 ~/Desktop/2023-10-NCR-WISE/software_homework (master)
$ cd unit_1

fille@DESKTOP-4JS80HJ MINGW64 ~/Desktop/2023-10-NCR-WISE/software_homework/unit_1 (master)
$ ls -A
 dom-practice/     flexbox/                                manipulate-the-dom/   w04d01/
 event-practice/  'git bash remote command and push.jpg'   w03d01/               w05d02/

fille@DESKTOP-4JS80HJ MINGW64 ~/Desktop/2023-10-NCR-WISE/software_homework/unit_1 (master)
$ git remote -v
origin  https://github.com/EsserMishelle/2023-10-NCR-WISE.git (fetch)
origin  https://github.com/EsserMishelle/2023-10-NCR-WISE.git (push)

fille@DESKTOP-4JS80HJ MINGW64 ~/Desktop/2023-10-NCR-WISE/software_homework/unit_1 (master)
$ git status
On branch master
Changes not staged for commit:
  (use "git add <file>..." to update what will be committed)
  (use "git restore <file>..." to discard changes in working directory)
        modified:   w03d01/homework.js

Untracked files:
  (use "git add <file>..." to include in what will be committed)
        dom-practice/
        event-practice/
        flexbox/
        git bash remote command and push.jpg
        manipulate-the-dom/
        w03d01/Screenshot 2023-11-09 102423 error.jpg
        w03d01/commands.txt
        w03d01/drawers/
        w03d01/galaxy-far-far-away/
        w03d01/homework_old.js
        w04d01/
        w05d02/

no changes added to commit (use "git add" and/or "git commit -a")

fille@DESKTOP-4JS80HJ MINGW64 ~/Desktop/2023-10-NCR-WISE/software_homework/unit_1 (master)
$ git add -A
warning: adding embedded git repository: software_homework/unit_1/manipulate-the-dom
hint: You've added another git repository inside your current repository.
hint: Clones of the outer repository will not contain the contents of
hint: the embedded repository and will not know how to obtain it.
hint: If you meant to add a submodule, use:
hint:
hint:   git submodule add <url> software_homework/unit_1/manipulate-the-dom
hint:
hint: If you added this path by mistake, you can remove it from the
hint: index with:
hint:
hint:   git rm --cached software_homework/unit_1/manipulate-the-dom
hint:
hint: See "git help submodule" for more information.

fille@DESKTOP-4JS80HJ MINGW64 ~/Desktop/2023-10-NCR-WISE/software_homework/unit_1 (master)
$ git rm --cached software_homework/unit_1/manipulate-the-dom
fatal: pathspec 'software_homework/unit_1/manipulate-the-dom' did not match any files

fille@DESKTOP-4JS80HJ MINGW64 ~/Desktop/2023-10-NCR-WISE/software_homework/unit_1 (master)
$ ls
 dom-practice/     flexbox/                                manipulate-the-dom/   w04d01/
 event-practice/  'git bash remote command and push.jpg'   w03d01/               w05d02/

fille@DESKTOP-4JS80HJ MINGW64 ~/Desktop/2023-10-NCR-WISE/software_homework/unit_1 (master)
$ cd manipulate-the-dom/

fille@DESKTOP-4JS80HJ MINGW64 ~/Desktop/2023-10-NCR-WISE/software_homework/unit_1/manipulate-the-dom
$ ls -A
.git/  Antique-Olive-Std-Nord-Italic.ttf  index.html  readme.md  script.js  style.css

fille@DESKTOP-4JS80HJ MINGW64 ~/Desktop/2023-10-NCR-WISE/software_homework/unit_1/manipulate-the-dom
$ rm -rf .git

fille@DESKTOP-4JS80HJ MINGW64 ~/Desktop/2023-10-NCR-WISE/software_homework/unit_1/manipulate-the-dom
$ git rm --cached software_homework/unit_1/manipulate-the-dom
fatal: pathspec 'software_homework/unit_1/manipulate-the-dom' did not match any files

fille@DESKTOP-4JS80HJ MINGW64 ~/Desktop/2023-10-NCR-WISE/software_homework/unit_1/manipulate-the-dom
$ git status
On branch master
Changes to be committed:
  (use "git restore --staged <file>..." to unstage)
        new file:   ../dom-practice/index.html
        new file:   ../dom-practice/js/script.js
        new file:   ../dom-practice/script.js
        new file:   ../dom-practice/script.jsx
        new file:   ../event-practice/.vscode/settings.json
        new file:   ../event-practice/js/index.html
        new file:   ../event-practice/js/main.js
        new file:   ../event-practice/js/style.css
        new file:   ../flexbox/.vscode/settings.json
        new file:   ../flexbox/index.html
        new file:   ../flexbox/index_grid.html
        new file:   ../flexbox/main.js
        new file:   ../flexbox/style.css
        new file:   ../flexbox/style_grid.css
        new file:   ../git bash remote command and push.jpg
        new file:   ./
        new file:   ../w03d01/Screenshot 2023-11-09 102423 error.jpg
        new file:   ../w03d01/commands.txt
        new file:   ../w03d01/drawers/socks/socks
        new file:   ../w03d01/galaxy-far-far-away/commands.txt
        new file:   ../w03d01/galaxy-far-far-away/tatooine/storm_trooper.txt
        new file:   ../w03d01/galaxy-far-far-away/tie_fighter_1/darth_vader.txt
        new file:   ../w03d01/galaxy-far-far-away/yavin_4/millenium_falcon/chewbaca.txt
        new file:   ../w03d01/galaxy-far-far-away/yavin_4/millenium_falcon/han_solo.txt
        new file:   ../w03d01/galaxy-far-far-away/yavin_4/princess_leia.txt
        new file:   ../w03d01/galaxy-far-far-away/yavin_4/x_wing/luke.txt
        new file:   ../w03d01/galaxy-far-far-away/yavin_4/x_wing/the_force.txt
        modified:   ../w03d01/homework.js
        new file:   ../w03d01/homework_old.js
        new file:   ../w04d01/index.html
        new file:   ../w04d01/index_1.html
        new file:   ../w04d01/script.js
        new file:   ../w04d01/style.css
        new file:   ../w04d01/style_1.css
        new file:   ../w05d02/.vscode/settings.json
        new file:   ../w05d02/index.html
        new file:   ../w05d02/let myGlobalString test.js
        new file:   ../w05d02/script.js
        new file:   ../w05d02/style.css


fille@DESKTOP-4JS80HJ MINGW64 ~/Desktop/2023-10-NCR-WISE/software_homework/unit_1/manipulate-the-dom
$ git commit -m "first message"
[master acfbf34] first message
 39 files changed, 1720 insertions(+)
 create mode 100644 software_homework/unit_1/dom-practice/index.html
 create mode 100644 software_homework/unit_1/dom-practice/js/script.js
 create mode 100644 software_homework/unit_1/dom-practice/script.js
 create mode 100644 software_homework/unit_1/dom-practice/script.jsx
 create mode 100644 software_homework/unit_1/event-practice/.vscode/settings.json
 create mode 100644 software_homework/unit_1/event-practice/js/index.html
 create mode 100644 software_homework/unit_1/event-practice/js/main.js
 create mode 100644 software_homework/unit_1/event-practice/js/style.css
 create mode 100644 software_homework/unit_1/flexbox/.vscode/settings.json
 create mode 100644 software_homework/unit_1/flexbox/index.html
 create mode 100644 software_homework/unit_1/flexbox/index_grid.html
 create mode 100644 software_homework/unit_1/flexbox/main.js
 create mode 100644 software_homework/unit_1/flexbox/style.css
 create mode 100644 software_homework/unit_1/flexbox/style_grid.css
 create mode 100644 software_homework/unit_1/git bash remote command and push.jpg
 create mode 160000 software_homework/unit_1/manipulate-the-dom
 create mode 100644 software_homework/unit_1/w03d01/Screenshot 2023-11-09 102423 error.jpg
 create mode 100644 software_homework/unit_1/w03d01/commands.txt
 create mode 100644 software_homework/unit_1/w03d01/drawers/socks/socks
 create mode 100644 software_homework/unit_1/w03d01/galaxy-far-far-away/commands.txt
 create mode 100644 software_homework/unit_1/w03d01/galaxy-far-far-away/tatooine/storm_trooper.txt
 create mode 100644 software_homework/unit_1/w03d01/galaxy-far-far-away/tie_fighter_1/darth_vader.txt
 create mode 100644 software_homework/unit_1/w03d01/galaxy-far-far-away/yavin_4/millenium_falcon/chew
 create mode 100644 software_homework/unit_1/w03d01/galaxy-far-far-away/yavin_4/millenium_falcon/han_
 create mode 100644 software_homework/unit_1/w03d01/galaxy-far-far-away/yavin_4/princess_leia.txt
 create mode 100644 software_homework/unit_1/w03d01/galaxy-far-far-away/yavin_4/x_wing/luke.txt
 create mode 100644 software_homework/unit_1/w03d01/galaxy-far-far-away/yavin_4/x_wing/the_force.txt
 create mode 100644 software_homework/unit_1/w03d01/homework_old.js
 create mode 100644 software_homework/unit_1/w04d01/index.html
 create mode 100644 software_homework/unit_1/w04d01/index_1.html
 create mode 100644 software_homework/unit_1/w04d01/script.js
 create mode 100644 software_homework/unit_1/w04d01/style.css
 create mode 100644 software_homework/unit_1/w04d01/style_1.css
 create mode 100644 software_homework/unit_1/w05d02/.vscode/settings.json
 create mode 100644 software_homework/unit_1/w05d02/index.html
 create mode 100644 software_homework/unit_1/w05d02/let myGlobalString test.js
 create mode 100644 software_homework/unit_1/w05d02/script.js
 create mode 100644 software_homework/unit_1/w05d02/style.css

fille@DESKTOP-4JS80HJ MINGW64 ~/Desktop/2023-10-NCR-WISE/software_homework/unit_1/manipulate-the-dom
$ git checkout -b main
fatal: a branch named 'main' already exists

fille@DESKTOP-4JS80HJ MINGW64 ~/Desktop/2023-10-NCR-WISE/software_homework/unit_1/manipulate-the-dom
$ git checkout main
warning: unable to rmdir 'software_homework/unit_1/manipulate-the-dom': Directory not empty
Switched to branch 'main'
Your branch is ahead of 'origin/main' by 1 commit.
  (use "git push" to publish your local commits)

fille@DESKTOP-4JS80HJ MINGW64 ~/Desktop/2023-10-NCR-WISE/software_homework/unit_1/manipulate-the-dom
$ git status
On branch main
Your branch is ahead of 'origin/main' by 1 commit.
  (use "git push" to publish your local commits)

Untracked files:
  (use "git add <file>..." to include in what will be committed)
        ./

nothing added to commit but untracked files present (use "git add" to track)

fille@DESKTOP-4JS80HJ MINGW64 ~/Desktop/2023-10-NCR-WISE/software_homework/unit_1/manipulate-the-dom
$ git add -A

fille@DESKTOP-4JS80HJ MINGW64 ~/Desktop/2023-10-NCR-WISE/software_homework/unit_1/manipulate-the-dom
$ git status
On branch main
Your branch is ahead of 'origin/main' by 1 commit.
  (use "git push" to publish your local commits)

Changes to be committed:
  (use "git restore --staged <file>..." to unstage)
        new file:   Antique-Olive-Std-Nord-Italic.ttf
        new file:   index.html
        new file:   readme.md
        new file:   script.js
        new file:   style.css


fille@DESKTOP-4JS80HJ MINGW64 ~/Desktop/2023-10-NCR-WISE/software_homework/unit_1/manipulate-the-dom
$ git commit -m "first message"
[main 40b3992] first message
 5 files changed, 284 insertions(+)
 create mode 100644 software_homework/unit_1/manipulate-the-dom/Antique-Olive-Std-Nord-Italic.ttf
 create mode 100644 software_homework/unit_1/manipulate-the-dom/index.html
 create mode 100644 software_homework/unit_1/manipulate-the-dom/readme.md
 create mode 100644 software_homework/unit_1/manipulate-the-dom/script.js
 create mode 100644 software_homework/unit_1/manipulate-the-dom/style.css

fille@DESKTOP-4JS80HJ MINGW64 ~/Desktop/2023-10-NCR-WISE/software_homework/unit_1/manipulate-the-dom
$ git push origin main
To https://github.com/EsserMishelle/2023-10-NCR-WISE.git
 ! [rejected]        main -> main (fetch first)
error: failed to push some refs to 'https://github.com/EsserMishelle/2023-10-NCR-WISE.git'
hint: Updates were rejected because the remote contains work that you do not
hint: have locally. This is usually caused by another repository pushing to
hint: the same ref. If you want to integrate the remote changes, use
hint: 'git pull' before pushing again.
hint: See the 'Note about fast-forwards' in 'git push --help' for details.

fille@DESKTOP-4JS80HJ MINGW64 ~/Desktop/2023-10-NCR-WISE/software_homework/unit_1/manipulate-the-dom
$ git pull
remote: Enumerating objects: 27, done.
remote: Counting objects: 100% (27/27), done.
remote: Compressing objects: 100% (12/12), done.
remote: Total 26 (delta 10), reused 26 (delta 10), pack-reused 0
Unpacking objects: 100% (26/26), 116.90 KiB | 1.21 MiB/s, done.
From https://github.com/EsserMishelle/2023-10-NCR-WISE
   40a46af..265ea71  main       -> origin/main
 * [new branch]      master     -> origin/master
Merge made by the 'ort' strategy.
 Screenshot 2023-11-09 102423 error.jpg | Bin 0 -> 128048 bytes
 homework.js                            | 295 ++++++++++++++++++++++++++++++++
 homework_old.js                        | 297 +++++++++++++++++++++++++++++++++
 3 files changed, 592 insertions(+)
 create mode 100644 Screenshot 2023-11-09 102423 error.jpg
 create mode 100644 homework.js
 create mode 100644 homework_old.js

fille@DESKTOP-4JS80HJ MINGW64 ~/Desktop/2023-10-NCR-WISE/software_homework/unit_1/manipulate-the-dom
$ git status
On branch main
Your branch is ahead of 'origin/main' by 3 commits.
  (use "git push" to publish your local commits)

nothing to commit, working tree clean

fille@DESKTOP-4JS80HJ MINGW64 ~/Desktop/2023-10-NCR-WISE/software_homework/unit_1/manipulate-the-dom
$ git push origin main
Enumerating objects: 30, done.
Counting objects: 100% (28/28), done.
Delta compression using up to 4 threads
Compressing objects: 100% (20/20), done.
Writing objects: 100% (24/24), 369.65 KiB | 16.80 MiB/s, done.
Total 24 (delta 3), reused 0 (delta 0), pack-reused 0
remote: Resolving deltas: 100% (3/3), done.
To https://github.com/EsserMishelle/2023-10-NCR-WISE.git
   265ea71..2e92805  main -> main

fille@DESKTOP-4JS80HJ MINGW64 ~/Desktop/2023-10-NCR-WISE/software_homework/unit_1/manipulate-the-dom
$ cd ..

fille@DESKTOP-4JS80HJ MINGW64 ~/Desktop/2023-10-NCR-WISE/software_homework/unit_1 (main)
$ pwd
/c/Users/fille/Desktop/2023-10-NCR-WISE/software_homework/unit_1

fille@DESKTOP-4JS80HJ MINGW64 ~/Desktop/2023-10-NCR-WISE/software_homework/unit_1 (main)
$ cd ..

fille@DESKTOP-4JS80HJ MINGW64 ~/Desktop/2023-10-NCR-WISE/software_homework (main)
$ cd Desktop
bash: cd: Desktop: No such file or directory

fille@DESKTOP-4JS80HJ MINGW64 ~/Desktop/2023-10-NCR-WISE/software_homework (main)
$ cd ..

fille@DESKTOP-4JS80HJ MINGW64 ~/Desktop/2023-10-NCR-WISE (main)
$ cd ..

fille@DESKTOP-4JS80HJ MINGW64 ~/Desktop
$ https://github.com/arthurbernierjr/native-dom-manipulation-lab.git ./manipulate-the-dom
bash: https://github.com/arthurbernierjr/native-dom-manipulation-lab.git: No such file or directory

fille@DESKTOP-4JS80HJ MINGW64 ~/Desktop
$ pwd
/c/Users/fille/Desktop

fille@DESKTOP-4JS80HJ MINGW64 ~/Desktop
$ https://github.com/arthurbernierjr/native-dom-manipulation-lab.git ./manipulate-the-dom
bash: https://github.com/arthurbernierjr/native-dom-manipulation-lab.git: No such file or directory

fille@DESKTOP-4JS80HJ MINGW64 ~/Desktop
$ pwd
/c/Users/fille/Desktop

fille@DESKTOP-4JS80HJ MINGW64 ~/Desktop
$ git clone https://github.com/arthurbernierjr/native-dom-manipulation-lab.git ./manipulate-the-dom
Cloning into './manipulate-the-dom'...
remote: Enumerating objects: 7, done.
remote: Counting objects: 100% (7/7), done.
remote: Compressing objects: 100% (7/7), done.
remote: Total 7 (delta 0), reused 7 (delta 0), pack-reused 0
Receiving objects: 100% (7/7), 24.84 KiB | 8.28 MiB/s, done.

fille@DESKTOP-4JS80HJ MINGW64 ~/Desktop
$ cd manipulate-the-dom/

fille@DESKTOP-4JS80HJ MINGW64 ~/Desktop/manipulate-the-dom (main)
$ git remote remove origin

fille@DESKTOP-4JS80HJ MINGW64 ~/Desktop/manipulate-the-dom (main)
$ git remote add origin https://github.com/EsserMishelle/myRepo

fille@DESKTOP-4JS80HJ MINGW64 ~/Desktop/manipulate-the-dom (main)
$ git add -A

fille@DESKTOP-4JS80HJ MINGW64 ~/Desktop/manipulate-the-dom (main)
$ git commit -m "message"
On branch main
nothing to commit, working tree clean

fille@DESKTOP-4JS80HJ MINGW64 ~/Desktop/manipulate-the-dom (main)
$ git commit -m "message"
On branch main
nothing to commit, working tree clean

fille@DESKTOP-4JS80HJ MINGW64 ~/Desktop/manipulate-the-dom (main)
$ git push origin master
error: src refspec master does not match any
error: failed to push some refs to 'https://github.com/EsserMishelle/myRepo'

fille@DESKTOP-4JS80HJ MINGW64 ~/Desktop/manipulate-the-dom (main)
$ git remote add origin https://github.com/EsserMishelle/myRepo.git
error: remote origin already exists.

fille@DESKTOP-4JS80HJ MINGW64 ~/Desktop/manipulate-the-dom (main)
$ git add -A

fille@DESKTOP-4JS80HJ MINGW64 ~/Desktop/manipulate-the-dom (main)
$ git remote add origin https://github.com/EsserMishelle/myRepo.git
error: remote origin already exists.

fille@DESKTOP-4JS80HJ MINGW64 ~/Desktop/manipulate-the-dom (main)
$ git ^[[200~git
git: 'git' is not a git command. See 'git --help'.

fille@DESKTOP-4JS80HJ MINGW64 ~/Desktop/manipulate-the-dom (main)
$ git branch -M main

fille@DESKTOP-4JS80HJ MINGW64 ~/Desktop/manipulate-the-dom (main)
$ git push -u origin main
Enumerating objects: 7, done.
Counting objects: 100% (7/7), done.
Delta compression using up to 4 threads
Compressing objects: 100% (7/7), done.
Writing objects: 100% (7/7), 24.84 KiB | 4.97 MiB/s, done.
Total 7 (delta 0), reused 7 (delta 0), pack-reused 0
To https://github.com/EsserMishelle/myRepo
 * [new branch]      main -> main
branch 'main' set up to track 'origin/main'.

fille@DESKTOP-4JS80HJ MINGW64 ~/Desktop/manipulate-the-dom (main)
$ ls
Antique-Olive-Std-Nord-Italic.ttf  index.html  readme.md  script.js  style.css

fille@DESKTOP-4JS80HJ MINGW64 ~/Desktop/manipulate-the-dom (main)
$ git commit -m "first commit"
On branch main
Your branch is up to date with 'origin/main'.

nothing to commit, working tree clean

fille@DESKTOP-4JS80HJ MINGW64 ~/Desktop/manipulate-the-dom (main)
$ git push origin main
Everything up-to-date

fille@DESKTOP-4JS80HJ MINGW64 ~/Desktop/manipulate-the-dom (main)
$ code .
Run with 'code -' to read output from another program (e.g. 'echo Hello World | code -').

fille@DESKTOP-4JS80HJ MINGW64 ~/Desktop/manipulate-the-dom (main)
$  ^C

fille@DESKTOP-4JS80HJ MINGW64 ~/Desktop/manipulate-the-dom (main)
$ git add -A

fille@DESKTOP-4JS80HJ MINGW64 ~/Desktop/manipulate-the-dom (main)
$ git commit -m "Dom practice"
[main 9ad514c] Dom practice
 1 file changed, 149 insertions(+), 18 deletions(-)

fille@DESKTOP-4JS80HJ MINGW64 ~/Desktop/manipulate-the-dom (main)
$ git push origin main
Enumerating objects: 5, done.
Counting objects: 100% (5/5), done.
Delta compression using up to 4 threads
Compressing objects: 100% (3/3), done.
Writing objects: 100% (3/3), 2.69 KiB | 2.69 MiB/s, done.
Total 3 (delta 1), reused 0 (delta 0), pack-reused 0
remote: Resolving deltas: 100% (1/1), completed with 1 local object.
To https://github.com/EsserMishelle/myRepo
   cb2e11b..9ad514c  main -> main

fille@DESKTOP-4JS80HJ MINGW64 ~/Desktop/manipulate-the-dom (main)
$ touch arrays_w_callbacks

fille@DESKTOP-4JS80HJ MINGW64 ~/Desktop/manipulate-the-dom (main)
$ code .

fille@DESKTOP-4JS80HJ MINGW64 ~/Desktop/manipulate-the-dom (main)
$ code array_w_callbacks

fille@DESKTOP-4JS80HJ MINGW64 ~/Desktop/manipulate-the-dom (main)
$ code arrays_w_callbacks

fille@DESKTOP-4JS80HJ MINGW64 ~/Desktop/manipulate-the-dom (main)
$ git commit -m "week6 day1 arrays_w_callbacks"
On branch main
Your branch is up to date with 'origin/main'.

Untracked files:
  (use "git add <file>..." to include in what will be committed)
        arrays_w_callbacks

nothing added to commit but untracked files present (use "git add" to track)

fille@DESKTOP-4JS80HJ MINGW64 ~/Desktop/manipulate-the-dom (main)
$ git add -A

fille@DESKTOP-4JS80HJ MINGW64 ~/Desktop/manipulate-the-dom (main)
$ git commit -m "week6 day1 arrays_w_callbacks"
[main 4f1240a] week6 day1 arrays_w_callbacks
 1 file changed, 360 insertions(+)
 create mode 100644 arrays_w_callbacks

fille@DESKTOP-4JS80HJ MINGW64 ~/Desktop/manipulate-the-dom (main)
$ git push origin main
Enumerating objects: 4, done.
Counting objects: 100% (4/4), done.
Delta compression using up to 4 threads
Compressing objects: 100% (3/3), done.
Writing objects: 100% (3/3), 3.72 KiB | 3.72 MiB/s, done.
Total 3 (delta 1), reused 0 (delta 0), pack-reused 0
remote: Resolving deltas: 100% (1/1), completed with 1 local object.
To https://github.com/EsserMishelle/myRepo
   9ad514c..4f1240a  main -> main

fille@DESKTOP-4JS80HJ MINGW64 ~/Desktop/manipulate-the-dom (main)
